
> vansh-vault@0.1.0 build
> next build

Γû▓ Next.js 16.1.6 (Turbopack)

  Creating an optimized production build ...
npm : 
At line:1 char:1
+ npm run build > 
build_output.txt 2>&1
+ ~~~~~~~~~~~~~~~~~~~~~~~~
~~~~~~~~~~~~~
    + CategoryInfo        
      : NotSpecified: (:  
  String) [], RemoteExc   
 eption
    + FullyQualifiedError 
   Id : NativeCommandErr  
  or
 
> Build error occurred
Error: Turbopack build 
failed with 1 errors:
./src/app/page.js:2:1
Module not found: Can't 
resolve 'react-router-dom'
[0m [90m 1 |[39m 
[36mimport[39m 
[33mReact[39m 
[36mfrom[39m [32m'react
'[39m[33m;[39m
[31m[1m>[22m[39m[90m 
2 |[39m [36mimport[39m 
{ [33mLink[39m } 
[36mfrom[39m [32m'react
-router-dom'[39m[33m;[3
9m
 [90m   |[39m [31m[1m^
[22m[39m[31m[1m^[22m
[39m[31m[1m^[22m[39m[
31m[1m^[22m[39m[31m[1
m^[22m[39m[31m[1m^[22
m[39m[31m[1m^[22m[39m
[31m[1m^[22m[39m[31m
[1m^[22m[39m[31m[1m^[
22m[39m[31m[1m^[22m[3
9m[31m[1m^[22m[39m[31
m[1m^[22m[39m[31m[1m^
[22m[39m[31m[1m^[22m
[39m[31m[1m^[22m[39m[
31m[1m^[22m[39m[31m[1
m^[22m[39m[31m[1m^[22
m[39m[31m[1m^[22m[39m
[31m[1m^[22m[39m[31m
[1m^[22m[39m[31m[1m^[
22m[39m[31m[1m^[22m[3
9m[31m[1m^[22m[39m[31
m[1m^[22m[39m[31m[1m^
[22m[39m[31m[1m^[22m
[39m[31m[1m^[22m[39m[
31m[1m^[22m[39m[31m[1
m^[22m[39m[31m[1m^[22
m[39m[31m[1m^[22m[39m
[31m[1m^[22m[39m[31m
[1m^[22m[39m[31m[1m^[
22m[39m[31m[1m^[22m[3
9m[31m[1m^[22m[39m[31
m[1m^[22m[39m[31m[1m^
[22m[39m
 [90m 3 |[39m 
[36mimport[39m { [33mNe
twork[39m[33m,[39m [33
mShieldCheck[39m[33m,[3
9m [33mHistory[39m[33m,
[39m 
[33mArrowRight[39m } 
[36mfrom[39m [32m'lucid
e-react'[39m[33m;[39m
 [90m 4 |[39m
 [90m 5 |[39m 
[36mconst[39m 
[33mHome[39m 
[33m=[39m () 
[33m=>[39m {[0m



https://nextjs.org/docs/me
ssages/module-not-found


    at <unknown> 
(./src/app/page.js:2:1)
    at <unknown> (https://
nextjs.org/docs/messages/m
odule-not-found)
